// Jest Snapshot v1, https://goo.gl/fbAQLP

exports[`Create Scorecard Screen should match the snapshot 1`] = `
<RNCSafeAreaView
  edges={
    [
      "bottom",
      "left",
      "right",
      "top",
    ]
  }
  style={
    {
      "alignItems": "center",
      "backgroundColor": "white",
      "flex": 1,
    }
  }
>
  <View
    accessibilityIgnoresInvertColors={true}
    style={
      {
        "flex": 1,
        "justifyContent": "space-between",
        "resizeMode": "cover",
      }
    }
  >
    <Image
      source={
        {
          "testUri": "../../../assets/images/BasketBackground2.png",
        }
      }
      style={
        [
          {
            "bottom": 0,
            "left": 0,
            "position": "absolute",
            "right": 0,
            "top": 0,
          },
          {
            "height": undefined,
            "width": undefined,
          },
          undefined,
        ]
      }
    />
    <View
      style={
        {
          "alignItems": "center",
          "backgroundColor": "white",
          "flexDirection": "row",
          "justifyContent": "center",
        }
      }
    >
      <View
        accessibilityState={
          {
            "busy": undefined,
            "checked": undefined,
            "disabled": undefined,
            "expanded": undefined,
            "selected": undefined,
          }
        }
        accessibilityValue={
          {
            "max": undefined,
            "min": undefined,
            "now": undefined,
            "text": undefined,
          }
        }
        accessible={true}
        collapsable={false}
        focusable={true}
        onClick={[Function]}
        onResponderGrant={[Function]}
        onResponderMove={[Function]}
        onResponderRelease={[Function]}
        onResponderTerminate={[Function]}
        onResponderTerminationRequest={[Function]}
        onStartShouldSetResponder={[Function]}
        style={
          {
            "opacity": 1,
          }
        }
      />
      <Text
        style={
          {
            "flex": 1,
            "fontFamily": "Satoshi-Medium",
            "fontSize": 24,
            "fontWeight": "400",
            "margin": 6,
            "marginLeft": 45,
          }
        }
      >
        Where are you playing?
      </Text>
    </View>
    <View
      style={
        {
          "backgroundColor": "#F9FAFB",
          "borderRadius": 15,
          "margin": 20,
        }
      }
    >
      <Text
        style={
          {
            "alignSelf": "center",
            "color": "#909090",
            "fontFamily": "Satoshi-Medium",
            "fontSize": 18,
            "fontWeight": "400",
            "marginBottom": 10,
            "marginTop": 20,
          }
        }
      >
        Name of the Course
      </Text>
      <View
        onLayout={[Function]}
      >
        <TextInput
          onChangeText={[Function]}
          placeholder="Course Name"
          style={
            {
              "alignSelf": "center",
              "backgroundColor": "white",
              "borderRadius": 10,
              "height": 50,
              "marginTop": 10,
              "padding": 10,
              "textAlign": "center",
              "width": 300,
            }
          }
          value=""
        />
      </View>
      <Text
        style={
          {
            "alignSelf": "center",
            "color": "#909090",
            "fontFamily": "Satoshi-Medium",
            "fontSize": 18,
            "fontWeight": "400",
            "marginBottom": 10,
            "marginTop": 20,
          }
        }
      >
        How Many Holes?
      </Text>
      <View
        style={
          {
            "flexDirection": "row",
          }
        }
      >
        <View
          accessibilityState={
            {
              "busy": undefined,
              "checked": undefined,
              "disabled": undefined,
              "expanded": undefined,
              "selected": undefined,
            }
          }
          accessibilityValue={
            {
              "max": undefined,
              "min": undefined,
              "now": undefined,
              "text": undefined,
            }
          }
          accessible={true}
          collapsable={false}
          focusable={true}
          onClick={[Function]}
          onResponderGrant={[Function]}
          onResponderMove={[Function]}
          onResponderRelease={[Function]}
          onResponderTerminate={[Function]}
          onResponderTerminationRequest={[Function]}
          onStartShouldSetResponder={[Function]}
          style={
            {
              "backgroundColor": "#9CA3AF",
              "borderRadius": 8,
              "height": 32,
              "justifyContent": "center",
              "margin": 35,
              "opacity": 1,
              "width": 104,
            }
          }
        >
          <Text
            style={
              {
                "alignItems": "center",
                "alignSelf": "center",
                "color": "white",
                "fontSize": 22,
                "fontWeight": "400",
              }
            }
          >
            9
          </Text>
        </View>
        <View
          accessibilityState={
            {
              "busy": undefined,
              "checked": undefined,
              "disabled": undefined,
              "expanded": undefined,
              "selected": undefined,
            }
          }
          accessibilityValue={
            {
              "max": undefined,
              "min": undefined,
              "now": undefined,
              "text": undefined,
            }
          }
          accessible={true}
          collapsable={false}
          focusable={true}
          onClick={[Function]}
          onResponderGrant={[Function]}
          onResponderMove={[Function]}
          onResponderRelease={[Function]}
          onResponderTerminate={[Function]}
          onResponderTerminationRequest={[Function]}
          onStartShouldSetResponder={[Function]}
          style={
            {
              "backgroundColor": "#9CA3AF",
              "borderRadius": 8,
              "height": 32,
              "justifyContent": "center",
              "margin": 35,
              "opacity": 1,
              "width": 104,
            }
          }
        >
          <Text
            style={
              {
                "alignItems": "center",
                "alignSelf": "center",
                "color": "white",
                "fontSize": 22,
                "fontWeight": "400",
              }
            }
          >
            18
          </Text>
        </View>
      </View>
    </View>
    <View
      accessibilityState={
        {
          "busy": undefined,
          "checked": undefined,
          "disabled": undefined,
          "expanded": undefined,
          "selected": undefined,
        }
      }
      accessibilityValue={
        {
          "max": undefined,
          "min": undefined,
          "now": undefined,
          "text": undefined,
        }
      }
      accessible={true}
      collapsable={false}
      focusable={true}
      onClick={[Function]}
      onResponderGrant={[Function]}
      onResponderMove={[Function]}
      onResponderRelease={[Function]}
      onResponderTerminate={[Function]}
      onResponderTerminationRequest={[Function]}
      onStartShouldSetResponder={[Function]}
      style={
        {
          "alignItems": "center",
          "alignSelf": "center",
          "backgroundColor": "#2D6061",
          "borderRadius": 14,
          "height": 56,
          "justifyContent": "center",
          "opacity": 1,
          "width": 327,
        }
      }
    >
      <Text
        style={
          {
            "color": "white",
            "fontFamily": "Satoshi-Medium",
            "fontSize": 16,
            "fontWeight": "500",
          }
        }
      >
        Create Scorecard
      </Text>
    </View>
  </View>
</RNCSafeAreaView>
`;
