// Jest Snapshot v1, https://goo.gl/fbAQLP

exports[`Landing Screen should match the snapshot 1`] = `
<View
  style={
    {
      "alignItems": "center",
      "background": "#7D7D7D",
      "flex": 1,
      "justifyContent": "center",
    }
  }
>
  <Image
    source={
      {
        "testUri": "../../../assets/images/DiscGolfSunset.jpeg",
      }
    }
    style={
      {
        "borderRadius": 150,
        "height": 300,
        "width": 300,
      }
    }
  />
  <Text
    style={
      {
        "fontFamily": "Satoshi-Medium",
        "fontSize": 28,
        "fontWeight": "600",
        "marginBottom": 10,
        "marginTop": 40,
      }
    }
  >
    Welcome to 
    <Text
      style={
        {
          "color": "#45B369",
          "fontFamily": "Satoshi-Medium",
        }
      }
    >
      DG Scorecard
    </Text>
    !
  </Text>
  <Text
    style={
      {
        "fontFamily": "Satoshi-Medium",
        "fontSize": 16,
      }
    }
  >
    Now you can enjoy disc golf with us!
  </Text>
  <View
    accessibilityState={
      {
        "busy": undefined,
        "checked": undefined,
        "disabled": undefined,
        "expanded": undefined,
        "selected": undefined,
      }
    }
    accessibilityValue={
      {
        "max": undefined,
        "min": undefined,
        "now": undefined,
        "text": undefined,
      }
    }
    accessible={true}
    collapsable={false}
    focusable={true}
    onClick={[Function]}
    onResponderGrant={[Function]}
    onResponderMove={[Function]}
    onResponderRelease={[Function]}
    onResponderTerminate={[Function]}
    onResponderTerminationRequest={[Function]}
    onStartShouldSetResponder={[Function]}
    style={
      {
        "alignItems": "center",
        "backgroundColor": "#2D6061",
        "borderRadius": 12,
        "fontFamily": "Satoshi-Medium",
        "height": 56,
        "justifyContent": "center",
        "marginBottom": 40,
        "marginTop": 60,
        "opacity": 1,
        "width": 327,
      }
    }
  >
    <Text
      style={
        {
          "color": "white",
          "fontSize": 18,
          "fontWeight": "500",
        }
      }
    >
      Sign In with Email
    </Text>
  </View>
  <Text
    style={
      {
        "fontFamily": "Satoshi-Medium",
        "fontSize": 18,
      }
    }
  >
    Don't have an account?
  </Text>
  <View
    accessibilityState={
      {
        "busy": undefined,
        "checked": undefined,
        "disabled": undefined,
        "expanded": undefined,
        "selected": undefined,
      }
    }
    accessibilityValue={
      {
        "max": undefined,
        "min": undefined,
        "now": undefined,
        "text": undefined,
      }
    }
    accessible={true}
    collapsable={false}
    focusable={true}
    onClick={[Function]}
    onResponderGrant={[Function]}
    onResponderMove={[Function]}
    onResponderRelease={[Function]}
    onResponderTerminate={[Function]}
    onResponderTerminationRequest={[Function]}
    onStartShouldSetResponder={[Function]}
    style={
      {
        "opacity": 1,
      }
    }
  >
    <Text
      style={
        {
          "color": "#45B369",
          "fontFamily": "Satoshi-Medium",
          "fontSize": 18,
          "marginLeft": 5,
        }
      }
    >
      Sign Up
    </Text>
  </View>
</View>
`;
