// Jest Snapshot v1, https://goo.gl/fbAQLP

exports[`Scorecards Landing should match the snapshot 1`] = `
[
  <RNCSafeAreaView
    edges={
      {
        "bottom": "additive",
        "left": "additive",
        "right": "additive",
        "top": "additive",
      }
    }
    style={
      {
        "backgroundColor": "white",
        "flex": 1,
      }
    }
  >
    <View
      accessibilityIgnoresInvertColors={true}
      style={
        {
          "resizeMode": "cover",
        }
      }
    >
      <Image
        source={
          {
            "testUri": "../../../assets/images/BasketBackground2.png",
          }
        }
        style={
          [
            {
              "bottom": 0,
              "left": 0,
              "position": "absolute",
              "right": 0,
              "top": 0,
            },
            {
              "height": undefined,
              "width": undefined,
            },
            undefined,
          ]
        }
      />
      <View
        style={
          {
            "alignItems": "flex-start",
            "backgroundColor": "white",
            "padding": 10,
          }
        }
      >
        <Text
          style={
            {
              "fontFamily": "Satoshi-Medium",
              "fontSize": 20,
              "marginTop": 10,
            }
          }
        >
          Hi,
           
          <ActivityIndicator />
        </Text>
        <Text
          style={
            {
              "color": "grey",
              "flexDirection": "column",
            }
          }
        >
          Welcome back to
           
          <Text
            style={
              {
                "color": "#45B369",
                "fontFamily": "Satoshi-Medium",
                "fontSize": 14,
              }
            }
          >
            BirdieTrackr
          </Text>
          !
        </Text>
      </View>
      <View
        style={
          {
            "alignContent": "center",
            "alignItems": "center",
            "height": 570,
            "justifyContent": "center",
            "padding": 20,
            "width": 750,
          }
        }
      >
        <RCTScrollView
          data={
            [
              {
                "courseLength": 18,
                "courseName": "Test",
                "createdAt": "2023-05-31T19:14:39.335Z",
                "holes": [
                  {
                    "holeNumber": 1,
                    "id": 37,
                    "par": 3,
                    "playerId": 1,
                    "scorecardId": 3,
                    "strokes": 0,
                  },
                  {
                    "holeNumber": 2,
                    "id": 38,
                    "par": 3,
                    "playerId": 1,
                    "scorecardId": 3,
                    "strokes": 0,
                  },
                  {
                    "holeNumber": 3,
                    "id": 39,
                    "par": 3,
                    "playerId": 1,
                    "scorecardId": 3,
                    "strokes": 0,
                  },
                  {
                    "holeNumber": 4,
                    "id": 40,
                    "par": 3,
                    "playerId": 1,
                    "scorecardId": 3,
                    "strokes": 0,
                  },
                  {
                    "holeNumber": 5,
                    "id": 41,
                    "par": 3,
                    "playerId": 1,
                    "scorecardId": 3,
                    "strokes": 0,
                  },
                  {
                    "holeNumber": 6,
                    "id": 42,
                    "par": 3,
                    "playerId": 1,
                    "scorecardId": 3,
                    "strokes": 0,
                  },
                  {
                    "holeNumber": 7,
                    "id": 43,
                    "par": 3,
                    "playerId": 1,
                    "scorecardId": 3,
                    "strokes": 0,
                  },
                  {
                    "holeNumber": 8,
                    "id": 44,
                    "par": 3,
                    "playerId": 1,
                    "scorecardId": 3,
                    "strokes": 0,
                  },
                  {
                    "holeNumber": 9,
                    "id": 45,
                    "par": 3,
                    "playerId": 1,
                    "scorecardId": 3,
                    "strokes": 0,
                  },
                  {
                    "holeNumber": 10,
                    "id": 46,
                    "par": 3,
                    "playerId": 1,
                    "scorecardId": 3,
                    "strokes": 0,
                  },
                  {
                    "holeNumber": 11,
                    "id": 47,
                    "par": 3,
                    "playerId": 1,
                    "scorecardId": 3,
                    "strokes": 0,
                  },
                  {
                    "holeNumber": 12,
                    "id": 48,
                    "par": 3,
                    "playerId": 1,
                    "scorecardId": 3,
                    "strokes": 0,
                  },
                  {
                    "holeNumber": 13,
                    "id": 49,
                    "par": 3,
                    "playerId": 1,
                    "scorecardId": 3,
                    "strokes": 0,
                  },
                  {
                    "holeNumber": 14,
                    "id": 50,
                    "par": 3,
                    "playerId": 1,
                    "scorecardId": 3,
                    "strokes": 0,
                  },
                  {
                    "holeNumber": 15,
                    "id": 51,
                    "par": 3,
                    "playerId": 1,
                    "scorecardId": 3,
                    "strokes": 0,
                  },
                  {
                    "holeNumber": 16,
                    "id": 52,
                    "par": 3,
                    "playerId": 1,
                    "scorecardId": 3,
                    "strokes": 0,
                  },
                  {
                    "holeNumber": 17,
                    "id": 53,
                    "par": 3,
                    "playerId": 1,
                    "scorecardId": 3,
                    "strokes": 0,
                  },
                  {
                    "holeNumber": 18,
                    "id": 54,
                    "par": 3,
                    "playerId": 1,
                    "scorecardId": 3,
                    "strokes": 0,
                  },
                ],
                "id": 3,
                "isCompleted": false,
                "playerId": 1,
              },
            ]
          }
          getItem={[Function]}
          getItemCount={[Function]}
          keyExtractor={[Function]}
          onContentSizeChange={[Function]}
          onLayout={[Function]}
          onMomentumScrollBegin={[Function]}
          onMomentumScrollEnd={[Function]}
          onScroll={[Function]}
          onScrollBeginDrag={[Function]}
          onScrollEndDrag={[Function]}
          removeClippedSubviews={false}
          renderItem={[Function]}
          scrollEventThrottle={50}
          showsVerticalScrollIndicator={false}
          stickyHeaderIndices={[]}
          viewabilityConfigCallbackPairs={[]}
        >
          <View>
            <View
              onFocusCapture={[Function]}
              onLayout={[Function]}
              style={null}
            >
              <View
                style={
                  {
                    "backgroundColor": "#2D6061",
                    "borderRadius": 10,
                    "flexDirection": "row",
                    "marginBottom": 10,
                  }
                }
              >
                <View
                  accessibilityState={
                    {
                      "busy": undefined,
                      "checked": undefined,
                      "disabled": undefined,
                      "expanded": undefined,
                      "selected": undefined,
                    }
                  }
                  accessibilityValue={
                    {
                      "max": undefined,
                      "min": undefined,
                      "now": undefined,
                      "text": undefined,
                    }
                  }
                  accessible={true}
                  collapsable={false}
                  focusable={true}
                  onClick={[Function]}
                  onResponderGrant={[Function]}
                  onResponderMove={[Function]}
                  onResponderRelease={[Function]}
                  onResponderTerminate={[Function]}
                  onResponderTerminationRequest={[Function]}
                  onStartShouldSetResponder={[Function]}
                  style={
                    {
                      "opacity": 1,
                    }
                  }
                >
                  <View
                    style={
                      {
                        "alignItems": "flex-start",
                        "height": 80,
                        "margin": 15,
                        "width": 280,
                      }
                    }
                  >
                    <Text
                      style={
                        {
                          "color": "white",
                          "fontFamily": "Satoshi-Medium",
                          "fontSize": 20,
                          "fontWeight": "700",
                          "marginBottom": 5,
                          "textAlign": "left",
                        }
                      }
                    >
                      Test
                    </Text>
                    <Text
                      style={
                        {
                          "color": "white",
                          "fontFamily": "Satoshi-Medium",
                          "fontSize": 16,
                          "fontWeight": "500",
                          "marginBottom": 2,
                          "textAlign": "left",
                        }
                      }
                    >
                      18
                       Holes
                    </Text>
                    <Text
                      style={
                        {
                          "color": "white",
                          "fontFamily": "Satoshi-Medium",
                          "fontSize": 12,
                          "fontWeight": "500",
                        }
                      }
                    >
                      May 31st, 2023
                    </Text>
                  </View>
                </View>
                <View
                  style={
                    {
                      "flexDirection": "column",
                      "justifyContent": "space-between",
                      "marginRight": 5,
                    }
                  }
                >
                  <Text
                    style={
                      {
                        "alignSelf": "flex-end",
                        "color": "white",
                        "fontFamily": "Satoshi-Medium",
                        "fontSize": 24,
                        "fontWeight": "500",
                      }
                    }
                  >
                    -54
                  </Text>
                  <View
                    accessibilityState={
                      {
                        "busy": undefined,
                        "checked": undefined,
                        "disabled": undefined,
                        "expanded": undefined,
                        "selected": undefined,
                      }
                    }
                    accessibilityValue={
                      {
                        "max": undefined,
                        "min": undefined,
                        "now": undefined,
                        "text": undefined,
                      }
                    }
                    accessible={true}
                    collapsable={false}
                    focusable={true}
                    onClick={[Function]}
                    onResponderGrant={[Function]}
                    onResponderMove={[Function]}
                    onResponderRelease={[Function]}
                    onResponderTerminate={[Function]}
                    onResponderTerminationRequest={[Function]}
                    onStartShouldSetResponder={[Function]}
                    style={
                      {
                        "opacity": 1,
                      }
                    }
                  />
                </View>
              </View>
            </View>
          </View>
        </RCTScrollView>
      </View>
      <View
        style={
          {
            "alignItems": "center",
            "marginBottom": 20,
          }
        }
      >
        <View
          accessibilityState={
            {
              "busy": undefined,
              "checked": undefined,
              "disabled": undefined,
              "expanded": undefined,
              "selected": undefined,
            }
          }
          accessibilityValue={
            {
              "max": undefined,
              "min": undefined,
              "now": undefined,
              "text": undefined,
            }
          }
          accessible={true}
          collapsable={false}
          focusable={true}
          onClick={[Function]}
          onResponderGrant={[Function]}
          onResponderMove={[Function]}
          onResponderRelease={[Function]}
          onResponderTerminate={[Function]}
          onResponderTerminationRequest={[Function]}
          onStartShouldSetResponder={[Function]}
          style={
            {
              "alignItems": "center",
              "alignSelf": "center",
              "backgroundColor": "#2D6061",
              "borderRadius": 14,
              "height": 56,
              "justifyContent": "center",
              "margin": 15,
              "opacity": 1,
              "width": 327,
            }
          }
        >
          <Text
            style={
              {
                "color": "white",
                "fontFamily": "Satoshi-Medium",
                "fontSize": 18,
                "fontWeight": "500",
              }
            }
          >
            Create Scorecard
          </Text>
        </View>
      </View>
    </View>
  </RNCSafeAreaView>,
  ",",
]
`;
